// Jest Snapshot v1, https://goo.gl/fbAQLP

exports[`Component renders correctly 1`] = `
<a
  className="button theme_default"
  href="/"
  onClick={[Function]}
  onMouseEnter={[Function]}
>
  testing
</a>
`;
